// Jest Snapshot v1, https://goo.gl/fbAQLP

exports[`Component - Timeset renders a date set 1`] = `"<tr class=\\"MuiTableRow-root-4 Component-row-2\\"><td class=\\"MuiTableCell-root-9 Component-important-3\\">December 12, 2012</td><td class=\\"MuiTableCell-root-9 MuiTableCell-numeric-13 Component-hideMobile-1\\">12:00</td><td class=\\"MuiTableCell-root-9 MuiTableCell-numeric-13 Component-hideMobile-1\\">14:30</td><td class=\\"MuiTableCell-root-9 MuiTableCell-numeric-13 Component-hideMobile-1\\">00:30</td><td class=\\"MuiTableCell-root-9 MuiTableCell-numeric-13 Component-important-3\\">02:00</td><td class=\\"MuiTableCell-root-9\\"><button tabindex=\\"0\\" class=\\"MuiButtonBase-root-23 MuiIconButton-root-17 MuiIconButton-colorPrimary-19\\" type=\\"button\\" variant=\\"raised\\"><span class=\\"MuiIconButton-label-22\\"><i class=\\"material-icons\\">edit</i></span><span class=\\"MuiTouchRipple-root-26\\"></span></button><button tabindex=\\"0\\" class=\\"MuiButtonBase-root-23 MuiIconButton-root-17 MuiIconButton-colorSecondary-20\\" type=\\"button\\" variant=\\"raised\\"><span class=\\"MuiIconButton-label-22\\"><i class=\\"material-icons\\">delete</i></span><span class=\\"MuiTouchRipple-root-26\\"></span></button></td></tr>"`;

exports[`Component - Timeset triggers the delete callback 1`] = `"<tr class=\\"MuiTableRow-root-4 Component-row-2\\"><td class=\\"MuiTableCell-root-9 Component-important-3\\">December 12, 2012</td><td class=\\"MuiTableCell-root-9 MuiTableCell-numeric-13 Component-hideMobile-1\\">12:00</td><td class=\\"MuiTableCell-root-9 MuiTableCell-numeric-13 Component-hideMobile-1\\">14:30</td><td class=\\"MuiTableCell-root-9 MuiTableCell-numeric-13 Component-hideMobile-1\\">00:30</td><td class=\\"MuiTableCell-root-9 MuiTableCell-numeric-13 Component-important-3\\">02:00</td><td class=\\"MuiTableCell-root-9\\"><button tabindex=\\"0\\" class=\\"MuiButtonBase-root-23 MuiIconButton-root-17 MuiIconButton-colorPrimary-19\\" type=\\"button\\" variant=\\"raised\\"><span class=\\"MuiIconButton-label-22\\"><i class=\\"material-icons\\">edit</i></span><span class=\\"MuiTouchRipple-root-26\\"></span></button><button tabindex=\\"0\\" class=\\"MuiButtonBase-root-23 MuiIconButton-root-17 MuiIconButton-colorSecondary-20\\" type=\\"button\\" variant=\\"raised\\"><span class=\\"MuiIconButton-label-22\\"><i class=\\"material-icons\\">delete</i></span><span class=\\"MuiTouchRipple-root-26\\"></span></button></td></tr>"`;

exports[`Component - Timeset triggers the edit callback 1`] = `"<tr class=\\"MuiTableRow-root-4 Component-row-2\\"><td class=\\"MuiTableCell-root-9 Component-important-3\\">December 12, 2012</td><td class=\\"MuiTableCell-root-9 MuiTableCell-numeric-13 Component-hideMobile-1\\">12:00</td><td class=\\"MuiTableCell-root-9 MuiTableCell-numeric-13 Component-hideMobile-1\\">14:30</td><td class=\\"MuiTableCell-root-9 MuiTableCell-numeric-13 Component-hideMobile-1\\">00:30</td><td class=\\"MuiTableCell-root-9 MuiTableCell-numeric-13 Component-important-3\\">02:00</td><td class=\\"MuiTableCell-root-9\\"><button tabindex=\\"0\\" class=\\"MuiButtonBase-root-23 MuiIconButton-root-17 MuiIconButton-colorPrimary-19\\" type=\\"button\\" variant=\\"raised\\"><span class=\\"MuiIconButton-label-22\\"><i class=\\"material-icons\\">edit</i></span><span class=\\"MuiTouchRipple-root-26\\"></span></button><button tabindex=\\"0\\" class=\\"MuiButtonBase-root-23 MuiIconButton-root-17 MuiIconButton-colorSecondary-20\\" type=\\"button\\" variant=\\"raised\\"><span class=\\"MuiIconButton-label-22\\"><i class=\\"material-icons\\">delete</i></span><span class=\\"MuiTouchRipple-root-26\\"></span></button></td></tr>"`;
