// Jest Snapshot v1, https://goo.gl/fbAQLP

exports[`Component - App renders correctly 1`] = `"<div class=\\"MuiGrid-container-2 MuiGrid-spacing-xs-16-24 App-root-1\\"><header class=\\"MuiPaper-root-101 MuiPaper-elevation4-107 MuiAppBar-root-93 MuiAppBar-positionStatic-97 MuiAppBar-colorPrimary-99\\"><div class=\\"MuiToolbar-root-128 MuiToolbar-gutters-129\\"><h2 class=\\"MuiTypography-root-130 MuiTypography-title-136 MuiTypography-colorInherit-149\\">Timesheet</h2></div></header><div class=\\"MuiGrid-item-3 MuiGrid-grid-xs-12-40\\"> <form><div class=\\"MuiPaper-root-101 MuiPaper-elevation2-105 MuiPaper-rounded-102 Form-control-155\\"><div class=\\"MuiGrid-container-2 MuiGrid-spacing-xs-16-24 MuiGrid-justify-xs-center-19 Form-root-154\\"><div class=\\"MuiGrid-item-3 MuiGrid-grid-xs-12-40 MuiGrid-grid-sm-6-47 MuiGrid-grid-md-2-56\\"><div class=\\"MuiFormControl-root-157 MuiFormControl-fullWidth-160\\"><label class=\\"MuiFormLabel-root-166 MuiInputLabel-root-161 MuiInputLabel-formControl-162 MuiInputLabel-animated-165 MuiInputLabel-shrink-164\\" data-shrink=\\"true\\">Start Time</label><div class=\\"MuiInput-root-171 MuiInput-fullWidth-178 MuiInput-formControl-172 MuiInput-underline-175 WithUtils-DateTextField--input-156\\"><input type=\\"text\\" aria-invalid=\\"false\\" aria-required=\\"false\\" class=\\"MuiInput-input-179\\" placeholder=\\"NOW\\"/><div class=\\"MuiInputAdornment-root-184 MuiInputAdornment-positionEnd-186\\" style=\\"display:flex\\"><button tabindex=\\"0\\" class=\\"MuiButtonBase-root-193 MuiIconButton-root-187\\" type=\\"button\\"><span class=\\"MuiIconButton-label-192\\"> <span class=\\"material-icons MuiIcon-root-196\\" aria-hidden=\\"true\\"> timer </span> </span><span class=\\"MuiTouchRipple-root-202\\"></span></button></div></div></div></div><div class=\\"MuiGrid-item-3 MuiGrid-grid-xs-12-40 MuiGrid-grid-sm-6-47 MuiGrid-grid-md-2-56\\"><div class=\\"MuiFormControl-root-157 MuiFormControl-fullWidth-160\\"><label class=\\"MuiFormLabel-root-166 MuiInputLabel-root-161 MuiInputLabel-formControl-162 MuiInputLabel-animated-165 MuiInputLabel-shrink-164\\" data-shrink=\\"true\\">End Time</label><div class=\\"MuiInput-root-171 MuiInput-fullWidth-178 MuiInput-formControl-172 MuiInput-underline-175 WithUtils-DateTextField--input-156\\"><input type=\\"text\\" aria-invalid=\\"false\\" aria-required=\\"false\\" class=\\"MuiInput-input-179\\" placeholder=\\"NOW\\"/><div class=\\"MuiInputAdornment-root-184 MuiInputAdornment-positionEnd-186\\" style=\\"display:flex\\"><button tabindex=\\"0\\" class=\\"MuiButtonBase-root-193 MuiIconButton-root-187\\" type=\\"button\\"><span class=\\"MuiIconButton-label-192\\"> <span class=\\"material-icons MuiIcon-root-196\\" aria-hidden=\\"true\\"> timer </span> </span><span class=\\"MuiTouchRipple-root-202\\"></span></button></div></div></div></div><div class=\\"MuiGrid-item-3 MuiGrid-grid-xs-12-40 MuiGrid-grid-sm-6-47 MuiGrid-grid-md-2-56\\"><div class=\\"MuiFormControl-root-157 MuiFormControl-fullWidth-160\\"><label class=\\"MuiFormLabel-root-166 MuiInputLabel-root-161 MuiInputLabel-formControl-162 MuiInputLabel-animated-165 MuiInputLabel-shrink-164\\" data-shrink=\\"true\\">Break Time</label><div class=\\"MuiInput-root-171 MuiInput-fullWidth-178 MuiInput-formControl-172 MuiInput-underline-175 WithUtils-DateTextField--input-156\\"><input type=\\"text\\" aria-invalid=\\"false\\" aria-required=\\"false\\" class=\\"MuiInput-input-179\\" placeholder=\\"00:00\\"/><div class=\\"MuiInputAdornment-root-184 MuiInputAdornment-positionEnd-186\\" style=\\"display:none\\"><button tabindex=\\"0\\" class=\\"MuiButtonBase-root-193 MuiIconButton-root-187\\" type=\\"button\\"><span class=\\"MuiIconButton-label-192\\"> <span class=\\"material-icons MuiIcon-root-196\\" aria-hidden=\\"true\\"> timer </span> </span><span class=\\"MuiTouchRipple-root-202\\"></span></button></div></div></div></div><div class=\\"MuiGrid-item-3 MuiGrid-grid-xs-12-40 MuiGrid-grid-sm-6-47 MuiGrid-grid-md-2-56\\"><div class=\\"MuiFormControl-root-157 MuiFormControl-fullWidth-160\\"><label class=\\"MuiFormLabel-root-166 MuiInputLabel-root-161 MuiInputLabel-formControl-162 MuiInputLabel-animated-165 MuiInputLabel-shrink-164\\" data-shrink=\\"true\\">Day</label><div class=\\"MuiInput-root-171 MuiInput-fullWidth-178 MuiInput-formControl-172 MuiInput-underline-175 WithUtils-DateTextField--input-156\\"><input type=\\"text\\" aria-invalid=\\"false\\" aria-required=\\"false\\" class=\\"MuiInput-input-179\\" placeholder=\\"TODAY\\"/><div class=\\"MuiInputAdornment-root-184 MuiInputAdornment-positionEnd-186\\"><button tabindex=\\"0\\" class=\\"MuiButtonBase-root-193 MuiIconButton-root-187\\" type=\\"button\\"><span class=\\"MuiIconButton-label-192\\"> <span class=\\"material-icons MuiIcon-root-196\\" aria-hidden=\\"true\\"> event </span> </span><span class=\\"MuiTouchRipple-root-202\\"></span></button></div></div></div></div><div class=\\"MuiGrid-item-3 MuiGrid-grid-xs-12-40 MuiGrid-grid-sm-6-47 MuiGrid-grid-md-2-56\\"><div class=\\"MuiFormControl-root-157 MuiFormControl-fullWidth-160\\"><label class=\\"MuiFormLabel-root-166 MuiInputLabel-root-161 MuiInputLabel-formControl-162 MuiInputLabel-animated-165 MuiInputLabel-shrink-164\\" data-shrink=\\"true\\">Duration</label><div class=\\"MuiInput-root-171 MuiInput-disabled-174 MuiInput-fullWidth-178 MuiInput-formControl-172 MuiInput-underline-175 WithUtils-DateTextField--input-156\\"><input type=\\"text\\" aria-invalid=\\"false\\" aria-required=\\"false\\" class=\\"MuiInput-input-179 MuiInput-disabled-174\\" disabled=\\"\\" placeholder=\\"00:00\\"/><div class=\\"MuiInputAdornment-root-184 MuiInputAdornment-positionEnd-186\\" style=\\"display:none\\" disabled=\\"\\"><button tabindex=\\"0\\" class=\\"MuiButtonBase-root-193 MuiIconButton-root-187\\" type=\\"button\\"><span class=\\"MuiIconButton-label-192\\"> <span class=\\"material-icons MuiIcon-root-196\\" aria-hidden=\\"true\\"> timer </span> </span><span class=\\"MuiTouchRipple-root-202\\"></span></button></div></div></div></div><div class=\\"MuiGrid-item-3 MuiGrid-grid-xs-12-40 MuiGrid-grid-sm-6-47 MuiGrid-grid-md-2-56\\"><button tabindex=\\"0\\" class=\\"MuiButtonBase-root-193 MuiIconButton-root-187 MuiIconButton-colorPrimary-189\\" type=\\"submit\\" variant=\\"raised\\"><span class=\\"MuiIconButton-label-192\\"><i class=\\"material-icons\\">add</i></span><span class=\\"MuiTouchRipple-root-202\\"></span></button></div></div><input type=\\"hidden\\" name=\\"index\\" value=\\"\\"/></div></form> </div><div class=\\"MuiGrid-item-3 MuiGrid-grid-xs-12-40\\"><div class=\\"MuiPaper-root-101 MuiPaper-elevation2-105 MuiPaper-rounded-102\\"></div></div></div>"`;
